INFO:     Will watch for changes in these directories: ['/Users/hiennguyen/Aria/aria-backend']
Form data requires "python-multipart" to be installed. 
You can install "python-multipart" with: 

pip install python-multipart

Traceback (most recent call last):
  File "<frozen runpy>", line 198, in _run_module_as_main
  File "<frozen runpy>", line 88, in _run_code
  File "/Library/Frameworks/Python.framework/Versions/3.13/lib/python3.13/site-packages/uvicorn/__main__.py", line 4, in <module>
    uvicorn.main()
    ~~~~~~~~~~~~^^
  File "/Library/Frameworks/Python.framework/Versions/3.13/lib/python3.13/site-packages/click/core.py", line 1524, in __call__
    return self.main(*args, **kwargs)
           ~~~~~~~~~^^^^^^^^^^^^^^^^^
  File "/Library/Frameworks/Python.framework/Versions/3.13/lib/python3.13/site-packages/click/core.py", line 1445, in main
    rv = self.invoke(ctx)
  File "/Library/Frameworks/Python.framework/Versions/3.13/lib/python3.13/site-packages/click/core.py", line 1308, in invoke
    return ctx.invoke(self.callback, **ctx.params)
           ~~~~~~~~~~^^^^^^^^^^^^^^^^^^^^^^^^^^^^^
  File "/Library/Frameworks/Python.framework/Versions/3.13/lib/python3.13/site-packages/click/core.py", line 877, in invoke
    return callback(*args, **kwargs)
  File "/Library/Frameworks/Python.framework/Versions/3.13/lib/python3.13/site-packages/uvicorn/main.py", line 441, in main
    run(
    ~~~^
        app,
        ^^^^
    ...<48 lines>...
        reset_contextvars=reset_contextvars,
        ^^^^^^^^^^^^^^^^^^^^^^^^^^^^^^^^^^^^
    )
    ^
  File "/Library/Frameworks/Python.framework/Versions/3.13/lib/python3.13/site-packages/uvicorn/main.py", line 609, in run
    config.load_app()
    ~~~~~~~~~~~~~~~^^
  File "/Library/Frameworks/Python.framework/Versions/3.13/lib/python3.13/site-packages/uvicorn/config.py", line 415, in load_app
    return import_from_string(self.app)
  File "/Library/Frameworks/Python.framework/Versions/3.13/lib/python3.13/site-packages/uvicorn/importer.py", line 19, in import_from_string
    module = importlib.import_module(module_str)
  File "/Library/Frameworks/Python.framework/Versions/3.13/lib/python3.13/importlib/__init__.py", line 88, in import_module
    return _bootstrap._gcd_import(name[level:], package, level)
           ~~~~~~~~~~~~~~~~~~~~~~^^^^^^^^^^^^^^^^^^^^^^^^^^^^^^
  File "<frozen importlib._bootstrap>", line 1387, in _gcd_import
  File "<frozen importlib._bootstrap>", line 1360, in _find_and_load
  File "<frozen importlib._bootstrap>", line 1331, in _find_and_load_unlocked
  File "<frozen importlib._bootstrap>", line 935, in _load_unlocked
  File "<frozen importlib._bootstrap_external>", line 1026, in exec_module
  File "<frozen importlib._bootstrap>", line 488, in _call_with_frames_removed
  File "/Users/hiennguyen/Aria/aria-backend/main.py", line 9, in <module>
    from routers.auth import router as auth_router
  File "/Users/hiennguyen/Aria/aria-backend/routers/auth.py", line 51, in <module>
    @router.post("/login")
     ~~~~~~~~~~~^^^^^^^^^^
  File "/Library/Frameworks/Python.framework/Versions/3.13/lib/python3.13/site-packages/fastapi/routing.py", line 1450, in decorator
    self.add_api_route(
    ~~~~~~~~~~~~~~~~~~^
        path,
        ^^^^^
    ...<23 lines>...
        generate_unique_id_function=generate_unique_id_function,
        ^^^^^^^^^^^^^^^^^^^^^^^^^^^^^^^^^^^^^^^^^^^^^^^^^^^^^^^^
    )
    ^
  File "/Library/Frameworks/Python.framework/Versions/3.13/lib/python3.13/site-packages/fastapi/routing.py", line 1386, in add_api_route
    route = route_class(
        self.prefix + path,
    ...<27 lines>...
        ),
    )
  File "/Library/Frameworks/Python.framework/Versions/3.13/lib/python3.13/site-packages/fastapi/routing.py", line 949, in __init__
    self.dependant = get_dependant(
                     ~~~~~~~~~~~~~^
        path=self.path_format, call=self.endpoint, scope="function"
        ^^^^^^^^^^^^^^^^^^^^^^^^^^^^^^^^^^^^^^^^^^^^^^^^^^^^^^^^^^^
    )
    ^
  File "/Library/Frameworks/Python.framework/Versions/3.13/lib/python3.13/site-packages/fastapi/dependencies/utils.py", line 334, in get_dependant
    sub_dependant = get_dependant(
        path=path,
    ...<5 lines>...
        scope=param_details.depends.scope,
    )
  File "/Library/Frameworks/Python.framework/Versions/3.13/lib/python3.13/site-packages/fastapi/dependencies/utils.py", line 311, in get_dependant
    param_details = analyze_param(
        param_name=param_name,
    ...<2 lines>...
        is_path_param=is_path_param,
    )
  File "/Library/Frameworks/Python.framework/Versions/3.13/lib/python3.13/site-packages/fastapi/dependencies/utils.py", line 535, in analyze_param
    ensure_multipart_is_installed()
    ~~~~~~~~~~~~~~~~~~~~~~~~~~~~~^^
  File "/Library/Frameworks/Python.framework/Versions/3.13/lib/python3.13/site-packages/fastapi/dependencies/utils.py", line 120, in ensure_multipart_is_installed
    raise RuntimeError(multipart_not_installed_error) from None
RuntimeError: Form data requires "python-multipart" to be installed. 
You can install "python-multipart" with: 

pip install python-multipart

